[www.harrellhospitality.com/index.html]
[backblue.gif]
[fade.gif]
[index.html]
[www.harrellhospitality.com/images/favicon.png]
[www.harrellhospitality.com/css/isotope.css]
[www.harrellhospitality.com/js/jquery-1.10.2.min.js]
[www.harrellhospitality.com/js/jquery-migrate-1.2.1.js]
[ajax.googleapis.com/ajax/libs/jquery/1/jquery.min.js]
[ajax.googleapis.com/ajax/libs/jqueryui/1/jquery-ui.min.js]
[www.harrellhospitality.com/js/font_awesome_script.min.js]
[www.harrellhospitality.com/js/jquery.nerveSlider.js]
[www.harrellhospitality.com/index-2.html]
[www.harrellhospitality.com/images/2018-Harrell_Logo-Horizontal.png]
[www.harrellhospitality.com/about.html]
[www.harrellhospitality.com/why-harrell.html]
[www.harrellhospitality.com/portfolio.html]
[www.harrellhospitality.com/harrell-job-postings.html]
[www.harrellhospitality.com/news.html]
[www.harrellhospitality.com/contact.html]
[www.harrellhospitality.com/images/2018-main_slider-1.jpg]
[www.harrellhospitality.com/images/2018-main_slider-2.jpg]
[www.harrellhospitality.com/images/2018-main_slider-3.jpg]
[www.harrellhospitality.com/images/brands-approved.jpg]
[www.harrellhospitality.com/westin-southlake.html]
[www.harrellhospitality.com/images/featured-southlakewestin.jpg]
[www.harrellhospitality.com/delta-hotel-santa-clara.html]
[www.harrellhospitality.com/images/featured-delta.jpg]
[www.harrellhospitality.com/images/2018-Harrell_Logo-Crest.png]
[www.harrellhospitality.com/js/modernizr-2.6.1.min.js]
[www.harrellhospitality.com/js/conditional.js]
[www.harrellhospitality.com/js/prettyPhoto/js/jquery.prettyPhoto.js]
[www.harrellhospitality.com/js/jquery.isotope.min.js]
[www.harrellhospitality.com/js/script.js]
[www.harrellhospitality.com/js/jquery.nav.js]
[www.harrellhospitality.com/js/tinynav.min.js]
[www.harrellhospitality.com/js/jquery.sticky.js]
[www.harrellhospitality.com/js/jquery.placeholder.js]
[www.harrellhospitality.com/js/responsiveslides.min.js]
[www.harrellhospitality.com/index.html]
[www.harrellhospitality.com/font/opensans-regular-webfont.eot]
[www.harrellhospitality.com/font/opensans-regular-webfontd41d.eot]
[www.harrellhospitality.com/font/opensans-regular-webfont.woff]
[www.harrellhospitality.com/font/opensans-regular-webfont.ttf]
[www.harrellhospitality.com/font/opensans-semibold-webfont.eot]
[www.harrellhospitality.com/font/opensans-semibold-webfontd41d.eot]
[www.harrellhospitality.com/font/opensans-semibold-webfont.woff]
[www.harrellhospitality.com/font/opensans-semibold-webfont.ttf]
[www.harrellhospitality.com/font/opensans-bold-webfont.eot]
[www.harrellhospitality.com/font/opensans-bold-webfontd41d.eot]
[www.harrellhospitality.com/font/opensans-bold-webfont.woff]
[www.harrellhospitality.com/font/opensans-bold-webfont.ttf]
[www.harrellhospitality.com/font/opensans-bolditalic-webfont.eot]
[www.harrellhospitality.com/font/opensans-bolditalic-webfontd41d.eot]
[www.harrellhospitality.com/font/opensans-bolditalic-webfont.woff]
[www.harrellhospitality.com/font/opensans-bolditalic-webfont.ttf]
[www.harrellhospitality.com/font/opensans-extrabold-webfont.eot]
[www.harrellhospitality.com/font/opensans-extrabold-webfontd41d.eot]
[www.harrellhospitality.com/font/opensans-extrabold-webfont.woff]
[www.harrellhospitality.com/font/opensans-extrabold-webfont.ttf]
[www.harrellhospitality.com/font/opensans-extrabolditalic-webfont.eot]
[www.harrellhospitality.com/font/opensans-extrabolditalic-webfontd41d.eot]
[www.harrellhospitality.com/font/opensans-extrabolditalic-webfont.woff]
[www.harrellhospitality.com/font/opensans-extrabolditalic-webfont.ttf]
[www.harrellhospitality.com/font/opensans-italic-webfont.eot]
[www.harrellhospitality.com/font/opensans-italic-webfontd41d.eot]
[www.harrellhospitality.com/font/opensans-italic-webfont.woff]
[www.harrellhospitality.com/font/opensans-italic-webfont.ttf]
[www.harrellhospitality.com/font/opensans-light-webfont.eot]
[www.harrellhospitality.com/font/opensans-light-webfontd41d.eot]
[www.harrellhospitality.com/font/opensans-light-webfont.woff]
[www.harrellhospitality.com/font/opensans-light-webfont.ttf]
[www.harrellhospitality.com/font/opensans-semibolditalic-webfont.eot]
[www.harrellhospitality.com/font/opensans-semibolditalic-webfontd41d.eot]
[www.harrellhospitality.com/font/opensans-semibolditalic-webfont.woff]
[www.harrellhospitality.com/font/opensans-semibolditalic-webfont.ttf]
[www.harrellhospitality.com/images/vertical_line.png]
[www.harrellhospitality.com/images/zoom_icon.png]
[www.harrellhospitality.com/images/bg-miami.jpg]
[www.harrellhospitality.com/css/style.css]
[www.harrellhospitality.com/font/fontawesome-webfont3294.eot]
[www.harrellhospitality.com/font/fontawesome-webfontd41d.eot]
[www.harrellhospitality.com/font/fontawesome-webfont3294.woff]
[www.harrellhospitality.com/font/fontawesome-webfont3294.ttf]
[www.harrellhospitality.com/css/font-awesome.min.css]
[www.harrellhospitality.com/css/isotope.css]
[www.harrellhospitality.com/images/slider_arrows.gif]
[www.harrellhospitality.com/css/responsiveslides.css]
[www.harrellhospitality.com/js/prettyPhoto/images/prettyPhoto/default/sprite.png]
[www.harrellhospitality.com/js/prettyPhoto/images/prettyPhoto/default/sprite_x.png]
[www.harrellhospitality.com/js/prettyPhoto/images/prettyPhoto/default/sprite_y.png]
[www.harrellhospitality.com/js/prettyPhoto/images/prettyPhoto/default/sprite_next.png]
[www.harrellhospitality.com/js/prettyPhoto/images/prettyPhoto/default/sprite_prev.png]
[www.harrellhospitality.com/js/prettyPhoto/images/prettyPhoto/default/default_thumb.png]
[www.harrellhospitality.com/js/prettyPhoto/images/prettyPhoto/default/loader.gif]
[www.harrellhospitality.com/js/prettyPhoto/images/prettyPhoto/light_rounded/sprite.png]
[www.harrellhospitality.com/js/prettyPhoto/images/prettyPhoto/light_rounded/btnNext.png]
[www.harrellhospitality.com/js/prettyPhoto/images/prettyPhoto/light_rounded/btnPrevious.png]
[www.harrellhospitality.com/js/prettyPhoto/images/prettyPhoto/dark_rounded/sprite.png]
[www.harrellhospitality.com/js/prettyPhoto/images/prettyPhoto/dark_rounded/contentPattern.png]
[www.harrellhospitality.com/js/prettyPhoto/images/prettyPhoto/dark_rounded/btnNext.png]
[www.harrellhospitality.com/js/prettyPhoto/images/prettyPhoto/dark_rounded/btnPrevious.png]
[www.harrellhospitality.com/js/prettyPhoto/images/prettyPhoto/dark_rounded/loader.gif]
[www.harrellhospitality.com/js/prettyPhoto/images/prettyPhoto/dark_square/loader.gif]
[www.harrellhospitality.com/js/prettyPhoto/images/prettyPhoto/dark_square/sprite.png]
[www.harrellhospitality.com/js/prettyPhoto/images/prettyPhoto/dark_square/btnNext.png]
[www.harrellhospitality.com/js/prettyPhoto/images/prettyPhoto/dark_square/btnPrevious.png]
[www.harrellhospitality.com/js/prettyPhoto/images/prettyPhoto/light_square/sprite.png]
[www.harrellhospitality.com/js/prettyPhoto/images/prettyPhoto/light_square/btnNext.png]
[www.harrellhospitality.com/js/prettyPhoto/images/prettyPhoto/light_square/btnPrevious.png]
[www.harrellhospitality.com/js/prettyPhoto/images/prettyPhoto/facebook/sprite.png]
[www.harrellhospitality.com/js/prettyPhoto/images/prettyPhoto/facebook/contentPatternTop.png]
[www.harrellhospitality.com/js/prettyPhoto/images/prettyPhoto/facebook/contentPatternLeft.png]
[www.harrellhospitality.com/js/prettyPhoto/images/prettyPhoto/facebook/contentPatternRight.png]
[www.harrellhospitality.com/js/prettyPhoto/images/prettyPhoto/facebook/loader.gif]
[www.harrellhospitality.com/js/prettyPhoto/images/prettyPhoto/facebook/btnNext.png]
[www.harrellhospitality.com/js/prettyPhoto/images/prettyPhoto/facebook/btnPrevious.png]
[www.harrellhospitality.com/js/prettyPhoto/images/prettyPhoto/facebook/contentPatternBottom.png]
[www.harrellhospitality.com/js/prettyPhoto/images/prettyPhoto/facebook/default_thumbnail.gif]
[www.harrellhospitality.com/js/prettyPhoto/images/prettyPhoto/light_rounded/loader.gif]
[www.harrellhospitality.com/js/prettyPhoto/css/prettyPhoto.css]
[www.harrellhospitality.com/css/nerveSlider.css]
[www.harrellhospitality.com/index-2.html]
[www.harrellhospitality.com/images/2018-second_slider-1.jpg]
[www.harrellhospitality.com/images/outdoor_cr.jpg]
[www.harrellhospitality.com/images/king_cr.jpg]
[www.harrellhospitality.com/images/harrell-tilted.png]
[www.harrellhospitality.com/images/paul-lisa2.jpg]
[www.harrellhospitality.com/images/mike.jpg]
[www.harrellhospitality.com/images/jeff.jpg]
[www.harrellhospitality.com/images/erin.jpg]
[www.harrellhospitality.com/images/olivia-musick.jpg]
[www.harrellhospitality.com/images/michael-murphy.jpg]
[www.harrellhospitality.com/images/Taylor-Barham.jpg]
[www.harrellhospitality.com/about.html]
[www.harrellhospitality.com/images/Harrell-ebrochure2022.pdf]
[www.harrellhospitality.com/why-harrell.html]
[www.harrellhospitality.com/images/portfolio-southlakewestin.jpg]
[www.harrellhospitality.com/images/portfolio-delta.jpg]
[www.harrellhospitality.com/santa-ynez-valley-marriott.html]
[www.harrellhospitality.com/images/portfolio-syv2.jpg]
[www.harrellhospitality.com/hampton-inn-and-suite-dallas-frisco.html]
[www.harrellhospitality.com/images/portfolio-frisco.jpg]
[www.harrellhospitality.com/courtyard-pflugerville.html]
[www.harrellhospitality.com/images/portfolio-pflugervillecy.jpg]
[www.harrellhospitality.com/hyatt-place-cedar-park.html]
[www.harrellhospitality.com/images/portfolio-hyattplacecedarpark.jpg]
[www.harrellhospitality.com/tremont-house.html]
[www.harrellhospitality.com/images/tremontexterior-700x450.jpg]
[www.harrellhospitality.com/ac-hotel-waco.html]
[www.harrellhospitality.com/images/AC-Waco-exterior.jpg]
[www.harrellhospitality.com/ghost-ranch-abiquiu-nm.html]
[www.harrellhospitality.com/images/portfolio-ghostranch.jpg]
[www.harrellhospitality.com/rough-creek-lodge.html]
[www.harrellhospitality.com/images/portfolio-roughcreek.jpg]
[www.harrellhospitality.com/stony-point-center.html]
[www.harrellhospitality.com/images/stonypoint-exterior.jpg]
[www.harrellhospitality.com/portfolio.html]
[www.harrellhospitality.com/harrell-job-postings.html]
[www.voiceamerica.com/content/images/host_images/011277/Zidle-player-wide.jpg]
[www.harrellhospitality.com/news.html]
[www.harrellhospitality.com/contact.html]
[www.harrellhospitality.com/images/portfolio-southlakewestin-crop.jpg]
[www.harrellhospitality.com/images/westin_slider_1.jpg]
[www.harrellhospitality.com/images/westin_slider_2.jpg]
[www.harrellhospitality.com/images/westin_slider_3.jpg]
[www.harrellhospitality.com/images/westin_slider_4.jpg]
[www.harrellhospitality.com/images/westin_slider_5.jpg]
[www.harrellhospitality.com/images/westin_slider_6.jpg]
[www.harrellhospitality.com/westin-southlake.html]
[www.harrellhospitality.com/images/delta-lobby.jpg]
[www.harrellhospitality.com/images/delta-desk.jpg]
[www.harrellhospitality.com/images/delta-food.jpg]
[www.harrellhospitality.com/images/delta-dining.jpg]
[www.harrellhospitality.com/delta-hotel-santa-clara.html]
[www.harrellhospitality.com/font/opensans-regular-webfont.svg]
[www.harrellhospitality.com/font/opensans-semibold-webfont.svg]
[www.harrellhospitality.com/font/opensans-bold-webfont.svg]
[www.harrellhospitality.com/font/opensans-bolditalic-webfont.svg]
[www.harrellhospitality.com/font/opensans-extrabold-webfont.svg]
[www.harrellhospitality.com/font/opensans-extrabolditalic-webfont.svg]
[www.harrellhospitality.com/font/opensans-italic-webfont.svg]
[www.harrellhospitality.com/font/opensans-light-webfont.svg]
[www.harrellhospitality.com/font/opensans-semibolditalic-webfont.svg]
[www.harrellhospitality.com/images/syv-exterior2.jpg]
[www.harrellhospitality.com/images/syv-guestroom2.jpg]
[www.harrellhospitality.com/images/syv-bar.jpg]
[www.harrellhospitality.com/santa-ynez-valley-marriott.html]
[www.harrellhospitality.com/images/frisco-exterior.jpg]
[www.harrellhospitality.com/images/frisco-guestroom.jpg]
[www.harrellhospitality.com/images/frisco-meeting.jpg]
[www.harrellhospitality.com/hampton-inn-and-suite-dallas-frisco.html]
[www.harrellhospitality.com/courtyard-pflugerville.html]
[www.harrellhospitality.com/hyatt-place-cedar-park.html]
[www.harrellhospitality.com/images/tremontpatio-700x450.jpg]
[www.harrellhospitality.com/tremont-house.html]
[www.harrellhospitality.com/ac-hotel-waco.html]
[www.harrellhospitality.com/images/ghostranch-horses.jpg]
[www.harrellhospitality.com/images/ghostranch-fall.jpg]
[www.harrellhospitality.com/images/ghostranch-desert.jpg]
[www.harrellhospitality.com/ghost-ranch-abiquiu-nm.html]
[www.harrellhospitality.com/images/roughcreek-exterior.jpg]
[www.harrellhospitality.com/images/roughcreek-bar.jpg]
[www.harrellhospitality.com/images/roughcreek-exteriorlake.jpg]
[www.harrellhospitality.com/rough-creek-lodge.html]
[www.harrellhospitality.com/stony-point-center.html]
[www.harrellhospitality.com/css/icons/swatches/0,0,0,20.html]
[www.harrellhospitality.com/css/icons/caption-gradient.html]
[www.harrellhospitality.com/css/icons/loading.html]
[www.harrellhospitality.com/css/icons/dummy.html]
[www.harrellhospitality.com/css/icons/prev-light.html]
[www.harrellhospitality.com/css/icons/next-light.html]
[www.harrellhospitality.com/css/icons/play-pause-light.html]
[www.harrellhospitality.com/css/icons/swatches/255,255,255,40.html]
[www.harrellhospitality.com/css/icons/prev-dark.html]
[www.harrellhospitality.com/css/icons/next-dark.html]
[www.harrellhospitality.com/css/icons/play-pause-dark.html]
[www.harrellhospitality.com/css/icons/swatches/0,0,0,30.html]
